app/(dashboard)/settings/page.tsx(31,34): error TS2739: Type 'any[]' is missing the following properties from type 'Business': id, name
app/(onboarding)/onboarding/page.tsx(13,44): error TS2769: No overload matches this call.
  Overload 1 of 2, '(action: (state: { message: string; errors?: undefined; } | { errors: { name?: string[] | undefined; gst_number?: string[] | undefined; address_line1?: string[] | undefined; address_line2?: string[] | undefined; city?: string[] | undefined; state?: string[] | undefined; pincode?: string[] | undefined; }; message: string; }) => { ...; } | ... 1 more ... | Promise<...>, initialState: { ...; } | { ...; }, permalink?: string | undefined): [state: ...]', gave the following error.
    Argument of type '(prevState: CreateBusinessState, formData: FormData) => Promise<{ message: string; errors?: undefined; } | { errors: { name?: string[] | undefined; gst_number?: string[] | undefined; ... 4 more ...; pincode?: string[] | undefined; }; message: string; }>' is not assignable to parameter of type '(state: { message: string; errors?: undefined; } | { errors: { name?: string[] | undefined; gst_number?: string[] | undefined; address_line1?: string[] | undefined; address_line2?: string[] | undefined; city?: string[] | undefined; state?: string[] | undefined; pincode?: string[] | undefined; }; message: string; }) ...'.
      Target signature provides too few arguments. Expected 2 or more, but got 1.
  Overload 2 of 2, '(action: (state: { message: string; errors?: undefined; } | { errors: { name?: string[] | undefined; gst_number?: string[] | undefined; address_line1?: string[] | undefined; address_line2?: string[] | undefined; city?: string[] | undefined; state?: string[] | undefined; pincode?: string[] | undefined; }; message: string; }, payload: FormData) => { ...; } | ... 1 more ... | Promise<...>, initialState: { ...; } | { ...; }, permalink?: string | undefined): [state: ...]', gave the following error.
    Argument of type 'CreateBusinessState' is not assignable to parameter of type '{ message: string; errors?: undefined; } | { errors: { name?: string[] | undefined; gst_number?: string[] | undefined; address_line1?: string[] | undefined; address_line2?: string[] | undefined; city?: string[] | undefined; state?: string[] | undefined; pincode?: string[] | undefined; }; message: string; }'.
      Type 'CreateBusinessState' is not assignable to type '{ errors: { name?: string[] | undefined; gst_number?: string[] | undefined; address_line1?: string[] | undefined; address_line2?: string[] | undefined; city?: string[] | undefined; state?: string[] | undefined; pincode?: string[] | undefined; }; message: string; }'.
        Types of property 'errors' are incompatible.
          Type '{ name?: string[] | undefined; gst_number?: string[] | undefined; address_line1?: string[] | undefined; city?: string[] | undefined; state?: string[] | undefined; pincode?: string[] | undefined; formErrors?: string[] | undefined; } | undefined' is not assignable to type '{ name?: string[] | undefined; gst_number?: string[] | undefined; address_line1?: string[] | undefined; address_line2?: string[] | undefined; city?: string[] | undefined; state?: string[] | undefined; pincode?: string[] | undefined; }'.
            Type 'undefined' is not assignable to type '{ name?: string[] | undefined; gst_number?: string[] | undefined; address_line1?: string[] | undefined; address_line2?: string[] | undefined; city?: string[] | undefined; state?: string[] | undefined; pincode?: string[] | undefined; }'.
app/api/customers/route.ts(35,65): error TS2339: Property 'errors' does not exist on type 'ZodError<{ business_id: string; name: string; email?: string | undefined; phone?: string | undefined; tax_id?: string | undefined; address?: string | undefined; }>'.
app/api/invoices/route.ts(45,65): error TS2339: Property 'errors' does not exist on type 'ZodError<{ business_id: string; invoice_number: string; customer_name: string; invoice_date: string; items: { description: string; quantity: number; unit_price: number; gst_rate: number; }[]; customer_id?: string | undefined; }>'.
